[19-03-10 00:13:46][a2061740]main.my is error.
[19-03-10 00:13:46][a2061740]main.my is warning.
[19-03-10 00:13:46][a2061740]main.my is normal.
[19-03-10 00:15:58][aadc3740]main.my is error.
[19-03-10 00:15:58][aadc3740]main.my is warning.
[19-03-10 00:15:58][aadc3740]main.my is normal.
